
> test-jedi-backend@1.0.0 test
> jest

node.exe : PASS __tests__/unit/services/AuthService.test.ts
At C:\Program Files\nodejs\npm.ps1:29 char:3
+   & $NODE_EXE $NPM_CLI_JS $args
+   ~~~~~~~~~~~~~~~~~~~~~~~~~~~~~
    + CategoryInfo          : NotSpecified: (PASS __tests__/...Service.test.ts 
   :String) [], RemoteException
    + FullyQualifiedErrorId : NativeCommandError
 
  ΓùÅ Console

    console.log
      2026-03-09 13:14:23:1423 [32minfo[39m: [32mUser registered: user-1 
(test@example.com)[39m

      at Console.log 
(node_modules/winston/lib/winston/transports/console.js:87:23)

    console.log
      2026-03-09 13:14:23:1423 [32minfo[39m: [32mUser logged in: user-1 
(test@example.com)[39m

      at Console.log 
(node_modules/winston/lib/winston/transports/console.js:87:23)

    console.log
      2026-03-09 13:14:23:1423 [32minfo[39m: [32mUser logged out: 
user-1[39m

      at Console.log 
(node_modules/winston/lib/winston/transports/console.js:87:23)

    console.log
      2026-03-09 13:14:23:1423 [32minfo[39m: [32mPassword changed for user: 
user-1[39m

      at Console.log 
(node_modules/winston/lib/winston/transports/console.js:87:23)

FAIL __tests__/integration/auth/auth.test.ts
  ΓùÅ Console

    console.log
      2026-03-09 13:14:23:1423 [32minfo[39m: [32mPrisma client 
initialized[39m

      at Console.log 
(node_modules/winston/lib/winston/transports/console.js:87:23)

    console.log
      2026-03-09 13:14:23:1423 [32minfo[39m: [32mUser registered: 
user-1773058463941 (newuser@example.com)[39m

      at Console.log 
(node_modules/winston/lib/winston/transports/console.js:87:23)

    console.log
      2026-03-09 13:14:23:1423 [32minfo[39m: [32mUser registered: 
user-1773058463967 (duplicate@example.com)[39m

      at Console.log 
(node_modules/winston/lib/winston/transports/console.js:87:23)

    console.log
      2026-03-09 13:14:23:1423 [32minfo[39m: [32mUser registered: 
user-1773058463978 (checkpass@example.com)[39m

      at Console.log 
(node_modules/winston/lib/winston/transports/console.js:87:23)

    console.log
      2026-03-09 13:14:23:1423 [32minfo[39m: [32mUser registered: 
user-1773058463984 (login@example.com)[39m

      at Console.log 
(node_modules/winston/lib/winston/transports/console.js:87:23)

    console.log
      2026-03-09 13:14:23:1423 [32minfo[39m: [32mUser logged in: 
user-1773058463984 (login@example.com)[39m

      at Console.log 
(node_modules/winston/lib/winston/transports/console.js:87:23)

    console.log
      2026-03-09 13:14:24:1424 [32minfo[39m: [32mUser registered: 
user-1773058464007 (wrongpass@example.com)[39m

      at Console.log 
(node_modules/winston/lib/winston/transports/console.js:87:23)

    console.log
      2026-03-09 13:14:24:1424 [32minfo[39m: [32mUser registered: 
user-1773058464015 (refresh@example.com)[39m

      at Console.log 
(node_modules/winston/lib/winston/transports/console.js:87:23)

    console.log
      2026-03-09 13:14:24:1424 [31merror[39m: [31mRefresh error: Cannot 
read properties of undefined (reading 'refreshToken')[39m

      at Console.log 
(node_modules/winston/lib/winston/transports/console.js:87:23)

    console.log
      2026-03-09 13:14:24:1424 [31merror[39m: [31mRefresh error: Cannot 
read properties of undefined (reading 'refreshToken')[39m

      at Console.log 
(node_modules/winston/lib/winston/transports/console.js:87:23)

    console.log
      2026-03-09 13:14:24:1424 [32minfo[39m: [32mUser registered: 
user-1773058464056 (profile@example.com)[39m

      at Console.log 
(node_modules/winston/lib/winston/transports/console.js:87:23)

    console.log
      Test: accessToken = signed_token_{"userId":"user-1773058464056","email":"
profile@example.com","roles":["OWNER"],"iat":1773058464,"exp":1773059364}

      at Object.<anonymous> (__tests__/integration/auth/auth.test.ts:229:15)

    console.log
      Test: Authorization header would be Bearer signed_token_{"userId":"user-1
773058464056","email":"profile@example.com","roles":["OWNER"],"iat":1773058464,
"exp":1773059364}

      at Object.<anonymous> (__tests__/integration/auth/auth.test.ts:230:15)

    console.log
      Test: Got 404 response: {
        "status": "error",
        "code": 404,
        "error": "USER_NOT_FOUND",
        "message": "User not found"
      }

      at Object.<anonymous> (__tests__/integration/auth/auth.test.ts:238:17)

    console.log
      2026-03-09 13:14:24:1424 [32minfo[39m: [32mUser registered: 
user-1773058464077 (logout@example.com)[39m

      at Console.log 
(node_modules/winston/lib/winston/transports/console.js:87:23)

    console.log
      2026-03-09 13:14:24:1424 [32minfo[39m: [32mUser logged out: 
user-1[39m

      at Console.log 
(node_modules/winston/lib/winston/transports/console.js:87:23)

    console.log
      2026-03-09 13:14:24:1424 [32minfo[39m: [32mUser registered: 
user-1773058464088 (changepw@example.com)[39m

      at Console.log 
(node_modules/winston/lib/winston/transports/console.js:87:23)

    console.log
      2026-03-09 13:14:24:1424 [32minfo[39m: [32mUser registered: 
user-1773058464095 (wrongcurrentpw@example.com)[39m

      at Console.log 
(node_modules/winston/lib/winston/transports/console.js:87:23)

    console.log
      2026-03-09 13:14:24:1424 [32minfo[39m: [32mUser registered: 
user-1773058464102 (expiredtoken@example.com)[39m

      at Console.log 
(node_modules/winston/lib/winston/transports/console.js:87:23)

    console.log
      2026-03-09 13:14:24:1424 [32minfo[39m: [32mUser registered: 
user-1773058464109 (revokedtoken@example.com)[39m

      at Console.log 
(node_modules/winston/lib/winston/transports/console.js:87:23)

    console.log
      2026-03-09 13:14:24:1424 [32minfo[39m: [32mUser logged out: 
user-1[39m

      at Console.log 
(node_modules/winston/lib/winston/transports/console.js:87:23)

    console.log
      2026-03-09 13:14:24:1424 [31merror[39m: [31mRefresh error: Cannot 
read properties of undefined (reading 'refreshToken')[39m

      at Console.log 
(node_modules/winston/lib/winston/transports/console.js:87:23)

    console.log
      2026-03-09 13:14:24:1424 [32minfo[39m: [32mUser registered: 
user-1773058464125 (nopass@example.com)[39m

      at Console.log 
(node_modules/winston/lib/winston/transports/console.js:87:23)

    console.log
      2026-03-09 13:14:24:1424 [32minfo[39m: [32mUser logged in: 
user-1773058464125 (nopass@example.com)[39m

      at Console.log 
(node_modules/winston/lib/winston/transports/console.js:87:23)

    console.log
      2026-03-09 13:14:24:1424 [32minfo[39m: [32mUser registered: 
user-1773058464139 (qalead@example.com)[39m

      at Console.log 
(node_modules/winston/lib/winston/transports/console.js:87:23)

    console.log
      2026-03-09 13:14:24:1424 [32minfo[39m: [32mUser registered: 
user-1773058464143 (viewer@example.com)[39m

      at Console.log 
(node_modules/winston/lib/winston/transports/console.js:87:23)

  ΓùÅ Auth Endpoints Integration Tests ΓÇ║ POST /api/v1/auth/refresh ΓÇ║ 
should refresh access token

    expect(received).toBe(expected) // Object.is equality

    Expected: 200
    Received: 500

    [0m [90m 198 |[39m         
[33m.[39m[36mset[39m([32m'Cookie'[39m[33m,[39m refreshToken)[33m;[39m
     [90m 199 |[39m
    [31m[1m>[22m[39m[90m 200 |[39m       
expect(response[33m.[39mstatus)[33m.[39mtoBe([35m200[39m)[33m;[39m
     [90m     |[39m                               [31m[1m^[22m[39m
     [90m 201 |[39m       expect(response[33m.[39mbody[33m.[39mdata[33m.
[39maccessToken)[33m.[39mtoBeDefined()[33m;[39m
     [90m 202 |[39m     })[33m;[39m
     [90m 203 |[39m[0m

      at Object.<anonymous> (__tests__/integration/auth/auth.test.ts:200:31)

  ΓùÅ Auth Endpoints Integration Tests ΓÇ║ POST /api/v1/auth/refresh ΓÇ║ 
should reject invalid refresh token

    expect(received).toBe(expected) // Object.is equality

    Expected: 401
    Received: 500

    [0m [90m 209 |[39m         })[33m;[39m
     [90m 210 |[39m
    [31m[1m>[22m[39m[90m 211 |[39m       
expect(response[33m.[39mstatus)[33m.[39mtoBe([35m401[39m)[33m;[39m
     [90m     |[39m                               [31m[1m^[22m[39m
     [90m 212 |[39m       expect(response[33m.[39mbody[33m.[39merror)[33
m.[39mtoBe([32m'INVALID_TOKEN'[39m)[33m;[39m
     [90m 213 |[39m     })[33m;[39m
     [90m 214 |[39m   })[33m;[39m[0m

      at Object.<anonymous> (__tests__/integration/auth/auth.test.ts:211:31)

  ΓùÅ Auth Endpoints Integration Tests ΓÇ║ GET /api/v1/auth/me ΓÇ║ should 
return user profile with valid token

    expect(received).toBe(expected) // Object.is equality

    Expected: 200
    Received: 404

    [0m [90m 239 |[39m       }
     [90m 240 |[39m
    [31m[1m>[22m[39m[90m 241 |[39m       
expect(response[33m.[39mstatus)[33m.[39mtoBe([35m200[39m)[33m;[39m
     [90m     |[39m                               [31m[1m^[22m[39m
     [90m 242 |[39m       expect(response[33m.[39mbody[33m.[39mdata[33m.
[39memail)[33m.[39mtoBe([32m'profile@example.com'[39m)[33m;[39m
     [90m 243 |[39m       expect(response[33m.[39mbody[33m.[39mdata[33m.
[39mname)[33m.[39mtoBe([32m'Profile User'[39m)[33m;[39m
     [90m 244 |[39m     })[33m;[39m[0m

      at Object.<anonymous> (__tests__/integration/auth/auth.test.ts:241:31)

  ΓùÅ Auth Endpoints Integration Tests ΓÇ║ POST /api/v1/auth/change-password 
ΓÇ║ should change password successfully

    expect(received).toBe(expected) // Object.is equality

    Expected: 200
    Received: 404

    [0m [90m 309 |[39m         })[33m;[39m
     [90m 310 |[39m
    [31m[1m>[22m[39m[90m 311 |[39m       
expect(response[33m.[39mstatus)[33m.[39mtoBe([35m200[39m)[33m;[39m
     [90m     |[39m                               [31m[1m^[22m[39m
     [90m 312 |[39m       expect(response[33m.[39mbody[33m.[39mstatus)[3
3m.[39mtoBe([32m'success'[39m)[33m;[39m
     [90m 313 |[39m     })[33m;[39m
     [90m 314 |[39m[0m

      at Object.<anonymous> (__tests__/integration/auth/auth.test.ts:311:31)

  ΓùÅ Auth Endpoints Integration Tests ΓÇ║ POST /api/v1/auth/change-password 
ΓÇ║ should reject wrong current password

    expect(received).toBe(expected) // Object.is equality

    Expected: 401
    Received: 404

    [0m [90m 333 |[39m         })[33m;[39m
     [90m 334 |[39m
    [31m[1m>[22m[39m[90m 335 |[39m       
expect(response[33m.[39mstatus)[33m.[39mtoBe([35m401[39m)[33m;[39m
     [90m     |[39m                               [31m[1m^[22m[39m
     [90m 336 |[39m       expect(response[33m.[39mbody[33m.[39merror)[33
m.[39mtoBe([32m'INVALID_CREDENTIALS'[39m)[33m;[39m
     [90m 337 |[39m     })[33m;[39m
     [90m 338 |[39m   })[33m;[39m[0m

      at Object.<anonymous> (__tests__/integration/auth/auth.test.ts:335:31)

  ΓùÅ Auth Endpoints Integration Tests ΓÇ║ Security Tests - TESTING_CHECKLIST 
ΓÇ║ should use revoked refresh token ΓÇö verify 401

    expect(received).toContain(expected) // indexOf

    Expected value: 500
    Received array: [401, 400]

    [0m [90m 390 |[39m
     [90m 391 |[39m       [90m// Should be 401 (either invalid or 
revoked)[39m
    [31m[1m>[22m[39m[90m 392 |[39m       
expect([[35m401[39m[33m,[39m 
[35m400[39m])[33m.[39mtoContain(response[33m.[39mstatus)[33m;[39m
     [90m     |[39m                          [31m[1m^[22m[39m
     [90m 393 |[39m     })[33m;[39m
     [90m 394 |[39m
     [90m 395 |[39m     it([32m'should not return password in any 
response'[39m[33m,[39m [36masync[39m () [33m=>[39m {[0m

      at Object.<anonymous> (__tests__/integration/auth/auth.test.ts:392:26)

  ΓùÅ Auth Endpoints Integration Tests ΓÇ║ Security Tests - TESTING_CHECKLIST 
ΓÇ║ should not return password in any response

    expect(received).toBe(expected) // Object.is equality

    Expected: 200
    Received: 404

    [0m [90m 426 |[39m         
[33m.[39m[36mset[39m([32m'Authorization'[39m[33m,[39m [32m`Bearer 
${accessToken}`[39m)[33m;[39m
     [90m 427 |[39m
    [31m[1m>[22m[39m[90m 428 |[39m       
expect(profileRes[33m.[39mstatus)[33m.[39mtoBe([35m200[39m)[33m;[39m
     [90m     |[39m                                 [31m[1m^[22m[39m
     [90m 429 |[39m       expect(profileRes[33m.[39mbody[33m.[39mdata[33
m.[39mpassword)[33m.[39mtoBeUndefined()[33m;[39m
     [90m 430 |[39m       expect(profileRes[33m.[39mbody[33m.[39mdata[33
m.[39mpasswordHash)[33m.[39mtoBeUndefined()[33m;[39m
     [90m 431 |[39m     })[33m;[39m[0m

      at Object.<anonymous> (__tests__/integration/auth/auth.test.ts:428:33)

Test Suites: 1 failed, 1 passed, 2 total
Tests:       7 failed, 28 passed, 35 total
Snapshots:   0 total
Time:        4.504 s
Ran all test suites.
